2025-10-08 14:18:42,223 - INFO - DataProcessing Intialized
2025-10-08 14:18:42,893 - INFO - Data loaded sucesfully for Data Processing
2025-10-08 14:18:43,029 - INFO - Filtered users sucesfully...
2025-10-08 14:18:44,185 - INFO - Scalind done for Processing 
2025-10-08 14:18:44,313 - INFO - Encoding done for Users and Anime
2025-10-08 14:18:44,968 - INFO - Data splitted sucesfullyy
2025-10-08 14:18:44,980 - INFO - user2user_encoded saved sucesfully in processed directory
2025-10-08 14:18:44,992 - INFO - user2user_decoded saved sucesfully in processed directory
2025-10-08 14:18:45,011 - INFO - anim2anime_encoded saved sucesfully in processed directory
2025-10-08 14:18:45,029 - INFO - anim2anime_decoded saved sucesfully in processed directory
2025-10-08 14:18:50,406 - INFO - ALl the training testing data as well as rating_df is saved now..
2025-10-08 14:18:53,071 - INFO - DF AND SYNOPSIS_Df saved sucesfullyy...
2025-10-08 14:18:53,073 - INFO - Data Processing Pipeline Run sucesfully .... Congrats
2025-10-08 14:19:04,310 - INFO - Model Training & COMET ML initialized..
2025-10-08 14:19:04,425 - INFO - Data loaded sucesfully for Model Trainig
2025-10-08 14:19:04,446 - INFO - Succesfully read the YAML file
2025-10-08 14:19:04,446 - INFO - Loaded configuration from config.yaml
2025-10-08 14:21:06,104 - INFO - Model training Completedd.....
2025-10-08 14:21:06,105 - WARNING - You are saving your model as an HDF5 file via `model.save()` or `keras.saving.save_model(model)`. This file format is considered legacy. We recommend using instead the native Keras format, e.g. `model.save('my_model.keras')` or `keras.saving.save_model(model, 'my_model.keras')`. 
2025-10-08 14:21:06,157 - INFO - Model saved to artifacts/model/model.h5
2025-10-08 14:21:06,174 - INFO - Extracting weights for anime_embedding
2025-10-08 14:21:06,179 - INFO - Extracting weights for user_embedding
2025-10-08 14:21:06,326 - INFO - User and Anime weights saved sucesfully....
2025-10-08 20:20:24,049 - INFO - DataProcessing Intialized
2025-10-08 20:20:24,756 - INFO - Data loaded sucesfully for Data Processing
2025-10-08 20:20:24,913 - INFO - Filtered users sucesfully...
2025-10-08 20:20:26,068 - INFO - Scalind done for Processing 
2025-10-08 20:20:26,192 - INFO - Encoding done for Users and Anime
2025-10-08 20:20:26,822 - INFO - Data splitted sucesfullyy
2025-10-08 20:20:26,835 - INFO - user2user_encoded saved sucesfully in processed directory
2025-10-08 20:20:26,847 - INFO - user2user_decoded saved sucesfully in processed directory
2025-10-08 20:20:26,866 - INFO - anim2anime_encoded saved sucesfully in processed directory
2025-10-08 20:20:26,885 - INFO - anim2anime_decoded saved sucesfully in processed directory
2025-10-08 20:20:32,263 - INFO - ALl the training testing data as well as rating_df is saved now..
2025-10-08 20:20:34,916 - INFO - DF AND SYNOPSIS_Df saved sucesfullyy...
2025-10-08 20:20:34,918 - INFO - Data Processing Pipeline Run sucesfully .... Congrats
2025-10-08 20:20:41,900 - INFO - Model Training & COMET ML initialized..
2025-10-08 20:20:42,003 - INFO - Data loaded sucesfully for Model Trainig
2025-10-08 20:20:42,024 - INFO - Succesfully read the YAML file
2025-10-08 20:20:42,024 - INFO - Loaded configuration from config.yaml
2025-10-08 20:22:40,927 - INFO - Model training Completedd.....
2025-10-08 20:22:40,928 - WARNING - You are saving your model as an HDF5 file via `model.save()` or `keras.saving.save_model(model)`. This file format is considered legacy. We recommend using instead the native Keras format, e.g. `model.save('my_model.keras')` or `keras.saving.save_model(model, 'my_model.keras')`. 
2025-10-08 20:22:40,985 - INFO - Model saved to artifacts/model/model.h5
2025-10-08 20:22:40,993 - INFO - Extracting weights for anime_embedding
2025-10-08 20:22:40,998 - INFO - Extracting weights for user_embedding
2025-10-08 20:22:41,110 - INFO - User and Anime weights saved sucesfully....
