2025-10-07 11:43:52,850 - INFO - DataProcessing Intialized
2025-10-07 11:43:53,551 - INFO - Data loaded sucesfully for Data Processing
2025-10-07 11:43:53,709 - INFO - Filtered users sucesfully...
2025-10-07 11:43:54,875 - INFO - Scalind done for Processing 
2025-10-07 11:43:55,000 - INFO - Encoding done for Users and Anime
2025-10-07 11:43:55,664 - INFO - Data splitted sucesfullyy
2025-10-07 11:43:55,677 - INFO - user2user_encoded saved sucesfully in processed directory
2025-10-07 11:43:55,690 - INFO - user2user_decoded saved sucesfully in processed directory
2025-10-07 11:43:55,710 - INFO - anim2anime_encoded saved sucesfully in processed directory
2025-10-07 11:43:55,730 - INFO - anim2anime_decoded saved sucesfully in processed directory
2025-10-07 11:44:00,894 - INFO - ALl the training testing data as well as rating_df is saved now..
2025-10-07 11:44:03,498 - INFO - DF AND SYNOPSIS_Df saved sucesfullyy...
2025-10-07 11:44:03,500 - INFO - Data Processing Pipeline Run sucesfully .... Congrats
2025-10-07 11:44:03,500 - INFO - Model Training & COMET ML initialized..
2025-10-07 11:44:03,544 - INFO - Data loaded sucesfully for Model Trainig
2025-10-07 11:44:03,565 - INFO - Succesfully read the YAML file
2025-10-07 11:44:03,566 - INFO - Loaded configuration from config.yaml
2025-10-07 11:46:01,708 - INFO - Model training Completedd.....
2025-10-07 11:46:01,708 - WARNING - You are saving your model as an HDF5 file via `model.save()` or `keras.saving.save_model(model)`. This file format is considered legacy. We recommend using instead the native Keras format, e.g. `model.save('my_model.keras')` or `keras.saving.save_model(model, 'my_model.keras')`. 
2025-10-07 11:46:01,838 - INFO - Model saved to artifacts/model/model.h5
2025-10-07 11:46:01,846 - INFO - Extracting weights for anime_embedding
2025-10-07 11:46:01,850 - INFO - Extracting weights for user_embedding
2025-10-07 11:46:01,858 - INFO - User and Anime weights saved sucesfully....
